// Jest Snapshot v1, https://goo.gl/fbAQLP

exports[`BaseTheme renders 1`] = `
<div
  className="mdx-base-theme"
  style={
    Object {
      "--background": "white",
      "--color": "black",
      "--h1": "3rem",
      "--h2": "2.25rem",
      "--h3": "1.5rem",
      "--h4": "1.125rem",
      "--h5": "1rem",
      "--h6": ".75rem",
      "--line-height": 1.3333333333333333,
      "--link": "#07c",
      "--m1": "0.6666666666666666em",
      "--m2": "1.3333333333333333em",
      "--m3": "2.6666666666666665em",
      "--m4": "5.333333333333333em",
      "--max-width": "1024px",
      "--pre": "#000",
      "--pre-background": "#f6f8fa",
      "--radius": "2px",
    }
  }
>
  <style
    dangerouslySetInnerHTML={
      Object {
        "__html": "
.mdx-base-theme {
  line-height: var(--line-height);
  max-width: var(--max-width);
  margin: auto;
  padding: var(--m2);
  color: var(--color);
  background-color: var(--background);
}

.mdx-a {
  color: var(--link);
}

.mdx-img {
  max-width: 100%;
  height: auto;
}

.mdx-h1 { font-size: var(--h1) }
.mdx-h2 { font-size: var(--h2) }
.mdx-h3 { font-size: var(--h3) }
.mdx-h4 { font-size: var(--h4) }
.mdx-h5 { font-size: var(--h5) }
.mdx-h6 { font-size: var(--h6) }

.mdx-h1, .mdx-h2, .mdx-h3 {
  margin-top: var(--m1);
  margin-bottom: 0;
}

.mdx-h4, .mdx-h5, .mdx-h6,
.mdx-p, .mdx-ol, .mdx-ul,
.mdx-img, .mdx-blockquote {
  margin-top: var(--m2);
  margin-bottom: var(--m2);
}

.mdx-pre, .mdx-code {
  font-family: Menlo, monospace;
  font-size: var(--h5);
}

.mdx-pre {
  padding: var(--m1);
  color: var(--pre);
  background-color: var(--pre-background);
  border-radius: var(--radius);
}

.mdx-blockquote {
  font-size: var(--h3);
  font-weight: bold;
}
",
      }
    }
  />
</div>
`;
